ASxxxx Linker V03.00 + NoICE + sdld,  page 1.
Hexadecimal  [32-Bits]

Area                                    Addr        Size        Decimal Bytes (Attributes)
--------------------------------        ----        ----        ------- ----- ------------
CABS                                00000000    00000000 =           0. bytes (ABS,CON,CODE)

      Value  Global                              Global Defined In Module
      -----  --------------------------------   ------------------------
C:   00000000  l_BIT_BANK                      
C:   00000000  l_CABS                          
C:   00000000  l_GSINIT1                       
C:   00000000  l_GSINIT3                       
C:   00000000  l_GSINIT5                       
C:   00000000  l_IABS                          
C:   00000000  l_PSEG                          
C:   00000000  l_REG_BANK_2                    
C:   00000000  l_REG_BANK_3                    
C:   00000000  l_RSEG                          
C:   00000000  l_RSEG0                         
C:   00000000  l_RSEG1                         
C:   00000000  l_XABS                          
C:   00000000  l_XINIT                         
C:   00000000  l_XISEG                         
C:   00000000  l__CODE                         
C:   00000000  s_BSEG                          
C:   00000000  s_CABS                          
C:   00000000  s_DSEG                          
C:   00000000  s_HOME                          
C:   00000000  s_IABS                          
C:   00000000  s_REG_BANK_0                    
C:   00000000  s_RSEG                          
C:   00000000  s_RSEG0                         
C:   00000000  s_RSEG1                         
C:   00000000  s_XABS                          
C:   00000001  l_BSEG_BYTES                    
C:   00000001  s_PSEG                          
C:   00000001  s_XSEG                          
C:   00000003  l_GSFINAL                       
C:   00000003  l_GSINIT0                       
C:   00000005  l_OSEG                          
C:   00000006  l_GSINIT4                       
C:   00000006  l_ISEG                          
C:   00000008  l_BSEG                          
C:   00000008  l_REG_BANK_0                    
C:   00000008  l_REG_BANK_1                    
C:   00000008  s_REG_BANK_1                    
C:   0000000A  l_GSINIT2                       
C:   00000010  s_REG_BANK_2                    
C:   00000018  s_BIT_BANK                      
C:   00000018  s_REG_BANK_3                    
C:   00000019  s_OSEG                          
C:   00000020  s_BSEG_BYTES                    
C:   00000020  s__CODE                         
C:   00000041  l_HOME                          
C:   00000041  s_GSINIT0                       
C:   00000044  s_GSINIT1                       
C:   00000044  s_GSINIT2                       
C:   0000004E  s_GSINIT3                       
ASxxxx Linker V03.00 + NoICE + sdld,  page 2.
Hexadecimal  [32-Bits]

Area                                    Addr        Size        Decimal Bytes (Attributes)
--------------------------------        ----        ----        ------- ----- ------------
CABS                                00000000    00000000 =           0. bytes (ABS,CON,CODE)

      Value  Global                              Global Defined In Module
      -----  --------------------------------   ------------------------
C:   0000004E  s_GSINIT4                       
C:   00000054  s_GSINIT                        
C:   00000054  s_GSINIT5                       
C:   0000007B  l_SSEG                          
C:   0000007E  l_DSEG                          
C:   0000007F  s_ISEG                          
C:   00000085  s_SSEG                          
C:   00000100  l_IRAM                          
C:   000001A2  l_XSEG                          
C:   000001A3  s_XISEG                         
C:   000003DD  l_GSINIT                        
C:   00000431  s_GSFINAL                       
C:   00000434  s_CSEG                          
C:   000007B3  l_CONST                         
C:   00003038  l_CSEG                          
C:   0000346C  s_CONST                         
C:   00003C1F  s_XINIT                         

ASxxxx Linker V03.00 + NoICE + sdld,  page 3.
Hexadecimal  [32-Bits]

Area                                    Addr        Size        Decimal Bytes (Attributes)
--------------------------------        ----        ----        ------- ----- ------------
.  .ABS.                            00000000    00000000 =           0. bytes (ABS,CON)

      Value  Global                              Global Defined In Module
      -----  --------------------------------   ------------------------
     00000000  .__.ABS.                           _gptrget
     00000080  _MOSI                              uart
     00000080  _P0                                uart
     00000080  _P00                               uart
     00000081  _MISO                              uart
     00000081  _P01                               uart
     00000081  _SP                                uart
     00000082  _DPL                               uart
     00000082  _P02                               uart
     00000082  _RXD_1                             uart
     00000083  _DPH                               uart
     00000083  _P03                               uart
     00000084  _P04                               uart
     00000084  _RCTRIM0                           uart
     00000084  _STADC                             uart
     00000085  _P05                               uart
     00000085  _RCTRIM1                           uart
     00000086  _P06                               uart
     00000086  _RWK                               uart
     00000086  _TXD                               uart
     00000087  _P07                               uart
     00000087  _PCON                              uart
     00000087  _RXD                               uart
     00000088  _IT0                               uart
     00000088  _TCON                              uart
     00000089  _IE0                               uart
     00000089  _TMOD                              uart
     0000008A  _IT1                               uart
     0000008A  _TL0                               uart
     0000008B  _IE1                               uart
     0000008B  _TL1                               uart
     0000008C  _TH0                               uart
     0000008C  _TR0                               uart
     0000008D  _TF0                               uart
     0000008D  _TH1                               uart
     0000008E  _CKCON                             uart
     0000008E  _TR1                               uart
     0000008F  _TF1                               uart
     0000008F  _WKCON                             uart
     00000090  _P1                                uart
     00000090  _P10                               uart
     00000091  _P11                               uart
     00000091  _SFRS                              uart
     00000092  _CAPCON0                           uart
     00000092  _P12                               uart
     00000093  _CAPCON1                           uart
     00000093  _P13                               uart
     00000093  _SCL                               uart
     00000094  _CAPCON2                           uart
     00000094  _P14                               uart
ASxxxx Linker V03.00 + NoICE + sdld,  page 4.
Hexadecimal  [32-Bits]

Area                                    Addr        Size        Decimal Bytes (Attributes)
--------------------------------        ----        ----        ------- ----- ------------
.  .ABS.                            00000000    00000000 =           0. bytes (ABS,CON)

      Value  Global                              Global Defined In Module
      -----  --------------------------------   ------------------------
     00000094  _SDA                               uart
     00000095  _CKDIV                             uart
     00000095  _P15                               uart
     00000096  _CKSWT                             uart
     00000096  _P16                               uart
     00000096  _TXD_1                             uart
     00000097  _CKEN                              uart
     00000097  _P17                               uart
     00000098  _RI                                uart
     00000098  _SCON                              uart
     00000099  _SBUF                              uart
     00000099  _TI                                uart
     0000009A  _RB8                               uart
     0000009A  _SBUF_1                            uart
     0000009B  _EIE                               uart
     0000009B  _TB8                               uart
     0000009C  _EIE1                              uart
     0000009C  _REN                               uart
     0000009D  _SM2                               uart
     0000009E  _SM1                               uart
     0000009F  _CHPCON                            uart
     0000009F  _FE                                uart
     0000009F  _SM0                               uart
     000000A0  _P2                                uart
     000000A0  _P20                               uart
     000000A2  _AUXR1                             uart
     000000A3  _BODCON0                           uart
     000000A4  _IAPTRG                            uart
     000000A5  _IAPUEN                            uart
     000000A6  _IAPAL                             uart
     000000A7  _IAPAH                             uart
     000000A8  _EX0                               uart
     000000A8  _IE                                uart
     000000A9  _ET0                               uart
     000000A9  _SADDR                             uart
     000000AA  _EX1                               uart
     000000AA  _WDCON                             uart
     000000AB  _BODCON1                           uart
     000000AB  _ET1                               uart
     000000AC  _ES                                uart
     000000AC  _P3M1                              uart
     000000AC  _P3S                               uart
     000000AD  _EBOD                              uart
     000000AD  _P3M2                              uart
     000000AD  _P3SR                              uart
     000000AE  _EADC                              uart
     000000AE  _IAPFD                             uart
     000000AF  _EA                                uart
     000000AF  _IAPCN                             uart
     000000B0  _P3                                uart
     000000B0  _P30                               uart
ASxxxx Linker V03.00 + NoICE + sdld,  page 5.
Hexadecimal  [32-Bits]

Area                                    Addr        Size        Decimal Bytes (Attributes)
--------------------------------        ----        ----        ------- ----- ------------
.  .ABS.                            00000000    00000000 =           0. bytes (ABS,CON)

      Value  Global                              Global Defined In Module
      -----  --------------------------------   ------------------------
     000000B1  _P0M1                              uart
     000000B1  _P0S                               uart
     000000B2  _P0M2                              uart
     000000B2  _P0SR                              uart
     000000B3  _P1M1                              uart
     000000B3  _P1S                               uart
     000000B4  _P1M2                              uart
     000000B4  _P1SR                              uart
     000000B5  _P2S                               uart
     000000B7  _IPH                               uart
     000000B7  _PWMINTC                           uart
     000000B8  _IP                                uart
     000000B8  _PX0                               uart
     000000B9  _PT0                               uart
     000000B9  _SADEN                             uart
     000000BA  _PX1                               uart
     000000BA  _SADEN_1                           uart
     000000BB  _PT1                               uart
     000000BB  _SADDR_1                           uart
     000000BC  _I2DAT                             uart
     000000BC  _PS                                uart
     000000BD  _I2STAT                            uart
     000000BD  _PBOD                              uart
     000000BE  _I2CLK                             uart
     000000BE  _PADC                              uart
     000000BF  _I2TOC                             uart
     000000C0  _I2CON                             uart
     000000C0  _I2CPX                             uart
     000000C1  _I2ADDR                            uart
     000000C2  _AA                                uart
     000000C2  _ADCRL                             uart
     000000C3  _ADCRH                             uart
     000000C3  _SI                                uart
     000000C4  _PWM4H                             uart
     000000C4  _STO                               uart
     000000C4  _T3CON                             uart
     000000C5  _PWM5H                             uart
     000000C5  _RL3                               uart
     000000C5  _STA                               uart
     000000C6  _I2CEN                             uart
     000000C6  _PIOCON1                           uart
     000000C6  _RH3                               uart
     000000C7  _TA                                uart
     000000C8  _CM_RL2                            uart
     000000C8  _T2CON                             uart
     000000C9  _T2MOD                             uart
     000000CA  _RCMP2L                            uart
     000000CA  _TR2                               uart
     000000CB  _RCMP2H                            uart
     000000CC  _PWM4L                             uart
     000000CC  _TL2                               uart
ASxxxx Linker V03.00 + NoICE + sdld,  page 6.
Hexadecimal  [32-Bits]

Area                                    Addr        Size        Decimal Bytes (Attributes)
--------------------------------        ----        ----        ------- ----- ------------
.  .ABS.                            00000000    00000000 =           0. bytes (ABS,CON)

      Value  Global                              Global Defined In Module
      -----  --------------------------------   ------------------------
     000000CD  _PWM5L                             uart
     000000CD  _TH2                               uart
     000000CE  _ADCMPL                            uart
     000000CF  _ADCMPH                            uart
     000000CF  _TF2                               uart
     000000D0  _P                                 uart
     000000D0  _PSW                               uart
     000000D1  _PWMPH                             uart
     000000D2  _OV                                uart
     000000D2  _PWM0H                             uart
     000000D3  _PWM1H                             uart
     000000D3  _RS0                               uart
     000000D4  _PWM2H                             uart
     000000D4  _RS1                               uart
     000000D5  _F0                                uart
     000000D5  _PWM3H                             uart
     000000D6  _AC                                uart
     000000D6  _PNP                               uart
     000000D7  _CY                                uart
     000000D7  _FBD                               uart
     000000D8  _PWMCON0                           uart
     000000D9  _PWMPL                             uart
     000000DA  _PWM0L                             uart
     000000DB  _PWM1L                             uart
     000000DC  _CLRPWM                            uart
     000000DC  _PWM2L                             uart
     000000DD  _PWM3L                             uart
     000000DD  _PWMF                              uart
     000000DE  _LOAD                              uart
     000000DE  _PIOCON0                           uart
     000000DF  _PWMCON1                           uart
     000000DF  _PWMRUN                            uart
     000000E0  _ACC                               uart
     000000E1  _ADCCON1                           uart
     000000E2  _ADCCON2                           uart
     000000E3  _ADCDLY                            uart
     000000E4  _C0L                               uart
     000000E5  _C0H                               uart
     000000E6  _C1L                               uart
     000000E7  _C1H                               uart
     000000E8  _ADCCON0                           uart
     000000E8  _ADCHS0                            uart
     000000E9  _ADCHS1                            uart
     000000E9  _PICON                             uart
     000000EA  _ADCHS2                            uart
     000000EA  _PINEN                             uart
     000000EB  _ADCHS3                            uart
     000000EB  _PIPEN                             uart
     000000EC  _ETGSEL0                           uart
     000000EC  _PIF                               uart
     000000ED  _C2L                               uart
ASxxxx Linker V03.00 + NoICE + sdld,  page 7.
Hexadecimal  [32-Bits]

Area                                    Addr        Size        Decimal Bytes (Attributes)
--------------------------------        ----        ----        ------- ----- ------------
.  .ABS.                            00000000    00000000 =           0. bytes (ABS,CON)

      Value  Global                              Global Defined In Module
      -----  --------------------------------   ------------------------
     000000ED  _ETGSEL1                           uart
     000000EE  _ADCS                              uart
     000000EE  _C2H                               uart
     000000EF  _ADCF                              uart
     000000EF  _EIP                               uart
     000000F0  _B                                 uart
     000000F1  _CAPCON3                           uart
     000000F2  _CAPCON4                           uart
     000000F3  _SPCR                              uart
     000000F3  _SPCR2                             uart
     000000F4  _SPSR                              uart
     000000F5  _B_5                               _gptrget
     000000F5  _SPDR                              uart
     000000F6  _AINDIDS                           uart
     000000F6  _B_6                               _gptrget
     000000F7  _B_7                               _gptrget
     000000F7  _EIPH                              uart
     000000F8  _RI_1                              uart
     000000F8  _SCON_1                            uart
     000000F9  _PDTEN                             uart
     000000F9  _TI_1                              uart
     000000FA  _PDTCNT                            uart
     000000FA  _RB8_1                             uart
     000000FB  _PMEN                              uart
     000000FB  _TB8_1                             uart
     000000FC  _PMD                               uart
     000000FC  _REN_1                             uart
     000000FD  _SM2_1                             uart
     000000FE  _EIP1                              uart
     000000FE  _SM1_1                             uart
     000000FF  _EIPH1                             uart
     000000FF  _FE_1                              uart
     000000FF  _SM0_1                             uart

ASxxxx Linker V03.00 + NoICE + sdld,  page 8.
Hexadecimal  [32-Bits]

Area                                    Addr        Size        Decimal Bytes (Attributes)
--------------------------------        ----        ----        ------- ----- ------------
BSEG_BYTES                          00000020    00000001 =           1. bytes (REL,CON)

      Value  Global                              Global Defined In Module
      -----  --------------------------------   ------------------------
ASxxxx Linker V03.00 + NoICE + sdld,  page 9.
Hexadecimal  [32-Bits]

Area                                    Addr        Size        Decimal Bytes (Attributes)
--------------------------------        ----        ----        ------- ----- ------------
REG_BANK_0                          00000000    00000008 =           8. bytes (REL,OVR)

      Value  Global                              Global Defined In Module
      -----  --------------------------------   ------------------------
ASxxxx Linker V03.00 + NoICE + sdld,  page 10.
Hexadecimal  [32-Bits]

Area                                    Addr        Size        Decimal Bytes (Attributes)
--------------------------------        ----        ----        ------- ----- ------------
REG_BANK_1                          00000008    00000008 =           8. bytes (REL,OVR)

      Value  Global                              Global Defined In Module
      -----  --------------------------------   ------------------------
ASxxxx Linker V03.00 + NoICE + sdld,  page 11.
Hexadecimal  [32-Bits]

Area                                    Addr        Size        Decimal Bytes (Attributes)
--------------------------------        ----        ----        ------- ----- ------------
DSEG                                00000000    0000007E =         126. bytes (REL,CON)

      Value  Global                              Global Defined In Module
      -----  --------------------------------   ------------------------
     00000010  _Write_APROM_BYTE_PARM_2           eeprom_iap
     00000017  _bp                                _bp
     00000018  _vprintf_PARM_2                    vprintf
     00000021  _gu8UART                           main
     00000022  _state_machine_PARM_2              main
     00000023  _state_machine_PARM_3              main
     00000024  _state_machine_PARM_4              main
     00000026  _printoutbuf_PARM_2                main
     00000029  _act_by_one_key_PARM_2             main
     0000002C  _act_by_one_key_PARM_3             main
     00000041  _gu16Cnt                           linefi_packet
     00000044  _cp_buf2linefipacket_PARM_2        linefi_packet
     00000047  _cp_buf2linefipacket_PARM_3        linefi_packet
     0000004F  _print_raw_packet_PARM_2           linefi_packet
     0000005F  __print_format_PARM_2              printf_large
     00000062  __print_format_PARM_3              printf_large
     00000065  __print_format_PARM_4              printf_large

ASxxxx Linker V03.00 + NoICE + sdld,  page 12.
Hexadecimal  [32-Bits]

Area                                    Addr        Size        Decimal Bytes (Attributes)
--------------------------------        ----        ----        ------- ----- ------------
OSEG                                00000019    00000005 =           5. bytes (REL,OVR)

      Value  Global                              Global Defined In Module
      -----  --------------------------------   ------------------------
     00000019  __divslong_PARM_2                  _divulong
     00000019  __divulong_PARM_2                  _divulong
     00000019  __gptrput_PARM_2                   _gptrput
     00000019  __mulint_PARM_2                    _mulint
     00000019  _crc8_PARM_2                       linefi_packet
     00000019  _iap_cmd_PARM_2                    eeprom_iap
     00000019  _state_switches_PARM_2             main
     0000001A  _crc8_PARM_3                       linefi_packet
     0000001A  _iap_cmd_PARM_3                    eeprom_iap
     0000001B  _iap_cmd_PARM_4                    eeprom_iap
     0000001C  _iap_cmd_PARM_5                    eeprom_iap

ASxxxx Linker V03.00 + NoICE + sdld,  page 13.
Hexadecimal  [32-Bits]

Area                                    Addr        Size        Decimal Bytes (Attributes)
--------------------------------        ----        ----        ------- ----- ------------
ISEG                                0000007F    00000006 =           6. bytes (REL,CON)

      Value  Global                              Global Defined In Module
      -----  --------------------------------   ------------------------
ASxxxx Linker V03.00 + NoICE + sdld,  page 14.
Hexadecimal  [32-Bits]

Area                                    Addr        Size        Decimal Bytes (Attributes)
--------------------------------        ----        ----        ------- ----- ------------
SSEG                                00000085    0000007B =         123. bytes (REL,OVR)

      Value  Global                              Global Defined In Module
      -----  --------------------------------   ------------------------
     00000085  __start__stack                     main

ASxxxx Linker V03.00 + NoICE + sdld,  page 15.
Hexadecimal  [32-Bits]

Area                                    Addr        Size        Decimal Bytes (Attributes)
--------------------------------        ----        ----        ------- ----- ------------
XSEG                                00000001    000001A2 =         418. bytes (REL,CON,XDATA)

      Value  Global                              Global Defined In Module
      -----  --------------------------------   ------------------------
D:   00000001  _pu8buff                           main
D:   0000001F  _gcUartInputMode                   main
D:   0000002E  _gpu8Data                          main
D:   00000042  _gpu8Data2                         main
D:   00000056  _gpu8Data3                         main
D:   00000072  _gu16TimeCnt                       main
D:   00000074  _gu16TimeCntMilliSec               main
D:   00000076  _gpu32UartSpeed                    main
D:   0000014F  _gpcTypeStr                        linefi_packet
ASxxxx Linker V03.00 + NoICE + sdld,  page 16.
Hexadecimal  [32-Bits]

Area                                    Addr        Size        Decimal Bytes (Attributes)
--------------------------------        ----        ----        ------- ----- ------------
HOME                                00000000    00000041 =          65. bytes (REL,CON,CODE)

      Value  Global                              Global Defined In Module
      -----  --------------------------------   ------------------------
C:   0000003E  __sdcc_program_startup             main

ASxxxx Linker V03.00 + NoICE + sdld,  page 17.
Hexadecimal  [32-Bits]

Area                                    Addr        Size        Decimal Bytes (Attributes)
--------------------------------        ----        ----        ------- ----- ------------
GSINIT0                             00000041    00000003 =           3. bytes (REL,CON,CODE)

      Value  Global                              Global Defined In Module
      -----  --------------------------------   ------------------------
C:   00000041  __sdcc_gsinit_startup              

ASxxxx Linker V03.00 + NoICE + sdld,  page 18.
Hexadecimal  [32-Bits]

Area                                    Addr        Size        Decimal Bytes (Attributes)
--------------------------------        ----        ----        ------- ----- ------------
GSINIT2                             00000044    0000000A =          10. bytes (REL,CON,CODE)

      Value  Global                              Global Defined In Module
      -----  --------------------------------   ------------------------
ASxxxx Linker V03.00 + NoICE + sdld,  page 19.
Hexadecimal  [32-Bits]

Area                                    Addr        Size        Decimal Bytes (Attributes)
--------------------------------        ----        ----        ------- ----- ------------
GSINIT4                             0000004E    00000006 =           6. bytes (REL,CON,CODE)

      Value  Global                              Global Defined In Module
      -----  --------------------------------   ------------------------
C:   0000004E  __mcs51_genRAMCLEAR                

ASxxxx Linker V03.00 + NoICE + sdld,  page 20.
Hexadecimal  [32-Bits]

Area                                    Addr        Size        Decimal Bytes (Attributes)
--------------------------------        ----        ----        ------- ----- ------------
GSINIT                              00000054    000003DD =         989. bytes (REL,CON,CODE)

      Value  Global                              Global Defined In Module
      -----  --------------------------------   ------------------------
ASxxxx Linker V03.00 + NoICE + sdld,  page 21.
Hexadecimal  [32-Bits]

Area                                    Addr        Size        Decimal Bytes (Attributes)
--------------------------------        ----        ----        ------- ----- ------------
GSFINAL                             00000431    00000003 =           3. bytes (REL,CON,CODE)

      Value  Global                              Global Defined In Module
      -----  --------------------------------   ------------------------
ASxxxx Linker V03.00 + NoICE + sdld,  page 22.
Hexadecimal  [32-Bits]

Area                                    Addr        Size        Decimal Bytes (Attributes)
--------------------------------        ----        ----        ------- ----- ------------
CSEG                                00000434    00003038 =       12344. bytes (REL,CON,CODE)

      Value  Global                              Global Defined In Module
      -----  --------------------------------   ------------------------
C:   00000434  _putchar                           main
C:   0000044E  _print_esc                         main
C:   000004BD  _print_char                        main
C:   000004F0  _state_machine                     main
C:   000005BA  _Timer0_ISR                        main
C:   000005E9  _pin_interrupt_isr                 main
C:   000005F3  _chk_manchester                    main
C:   00000636  _conv_manchester2nibble            main
C:   00000655  _conv_manchester2highnibble        main
C:   00000674  _MODIFY_HIRC_166                   main
C:   000006C0  _disp_help                         main
C:   000007EE  _gpio_setup                        main
C:   00000843  _state_switches                    main
C:   00000938  _printoutbuf                       main
C:   00000996  _print_help                        main
C:   00000A69  _act_by_one_key                    main
C:   000010AD  _struct_to_uint8                   main
C:   00001184  _periodic_func                     main
C:   000011DD  _main                              main
C:   00001A2D  __sdcc_external_startup            Common
C:   00001A43  _Timer0_Delay100us                 Delay
C:   00001A75  _Timer0_Delay1ms                   Delay
C:   00001AA7  _Timer1_Delay10ms                  Delay
C:   00001AD9  _Timer2_Delay500us                 Delay
C:   00001B0E  _Timer3_Delay100ms                 Delay
C:   00001B4A  _Timer3_Delay10us                  Delay
C:   00001B86  _iap_cmd                           eeprom_iap
C:   00001BFB  _Erase_APROM_Page                  eeprom_iap
C:   00001C0F  _Write_APROM_BYTE                  eeprom_iap
C:   00001C23  _read_bandgap_value                eeprom_iap
C:   00001C7E  _read_uid                          eeprom_iap
C:   00001CA7  _size_linefi_packet                linefi_packet
C:   00001CC2  _calc_crc_linefi_packet_packet     linefi_packet
C:   00001D24  _add_crc_linefi_packet_packet      linefi_packet
C:   00001D4C  _chk_crc_linefi_packet_packet      linefi_packet
C:   00001D7E  _get_octet_from_linefi             linefi_packet
C:   00001D81  _send_octet_to_linefi              linefi_packet
C:   00001D84  _send_linefi_packet                linefi_packet
C:   00001EE4  _cp_buf2linefipacket               linefi_packet
C:   00002054  _print_linefipacket                linefi_packet
C:   0000226A  _crc8                              linefi_packet
C:   0000229A  _print_raw_packet                  linefi_packet
C:   000023A6  _sht75_crc_table                   linefi_packet
C:   000024A6  _InitialUART0_Timer1               uart
C:   000024E6  _InitialUART0_Timer3               uart
C:   00002537  _Receive_Data_From_UART0           uart
C:   00002540  _Receive_Data_From_UART0_nb        uart
C:   0000255E  _Send_Data_To_UART0                uart
C:   00002568  _InitialUART1_Timer3               uart
C:   000025B4  _Receive_Data_From_UART1           uart
ASxxxx Linker V03.00 + NoICE + sdld,  page 23.
Hexadecimal  [32-Bits]

Area                                    Addr        Size        Decimal Bytes (Attributes)
--------------------------------        ----        ----        ------- ----- ------------
CSEG                                00000434    00003038 =       12344. bytes (REL,CON,CODE)

      Value  Global                              Global Defined In Module
      -----  --------------------------------   ------------------------
C:   000025BD  _Receive_Data_From_UART1_nb        uart
C:   000025DB  _Send_Data_To_UART1                uart
C:   000025E5  _uart_setup                        uart
C:   00002601  _printf_fast_f                     printf_fast_f
C:   00002A82  __divulong                         _divulong
C:   00002AE7  fs_rshift_a                        _fsrshift
C:   00002B2A  __gptrput                          _gptrput
C:   00002B54  _vprintf                           vprintf
C:   00002B6D  _printf                            vprintf
C:   00002C33  __print_format                     printf_large
C:   0000341B  _strlen                            _strlen
C:   00003433  __mulint                           _mulint
C:   00003433  __mulint_dummy                     _mulint
C:   00003450  __gptrget                          _gptrget

ASxxxx Linker V03.00 + NoICE + sdld,  page 24.
Hexadecimal  [32-Bits]

Area                                    Addr        Size        Decimal Bytes (Attributes)
--------------------------------        ----        ----        ------- ----- ------------
CONST                               0000346C    000007B3 =        1971. bytes (REL,CON,CODE)

      Value  Global                              Global Defined In Module
      -----  --------------------------------   ------------------------
ASxxxx Linker V03.00 + NoICE + sdld,  page 25.

Files Linked                              [ module(s) ]

obj/main.c.rel                            [  ]
obj/Common.c.rel                          [  ]
obj/Delay.c.rel                           [  ]
obj/eeprom_iap.c.rel                      [  ]
obj/linefi_packet.c.rel                   [  ]
obj/uart.c.rel                            [  ]


Libraries Linked                          [ object file ]

/usr/bin/../share/sdcc/lib/small/libsdcc.lib
                                          [ printf_fast_f.rel ]
/usr/bin/../share/sdcc/lib/small/liblong.lib
                                          [ _divulong.rel ]
/usr/bin/../share/sdcc/lib/small/mcs51.lib
                                          [ crtclear.rel ]
/usr/bin/../share/sdcc/lib/small/libfloat.lib
                                          [ _fsrshift.rel ]
/usr/bin/../share/sdcc/lib/small/libsdcc.lib
                                          [ _gptrput.rel ]
/usr/bin/../share/sdcc/lib/small/libsdcc.lib
                                          [ _bp.rel ]
/usr/bin/../share/sdcc/lib/small/libsdcc.lib
                                          [ vprintf.rel ]
/usr/bin/../share/sdcc/lib/small/libsdcc.lib
                                          [ printf_large.rel ]
/usr/bin/../share/sdcc/lib/small/libsdcc.lib
                                          [ _strlen.rel ]
/usr/bin/../share/sdcc/lib/small/libint.lib
                                          [ _mulint.rel ]
/usr/bin/../share/sdcc/lib/small/mcs51.lib
                                          [ crtstart.rel ]
/usr/bin/../share/sdcc/lib/small/libsdcc.lib
                                          [ _gptrget.rel ]

ASxxxx Linker V03.00 + NoICE + sdld,  page 26.

User Base Address Definitions

HOME = 0x0000
XSEG = 0x0001
PSEG = 0x0001
ISEG = 0x0000
BSEG = 0x0000

